// Jest Snapshot v1, https://goo.gl/fbAQLP

exports[`SudokuGenerator matches snapshot for easy difficulty puzzle structure: easy difficulty puzzle 1`] = `
{
  "difficulty": "easy",
  "emptyCellsCount": 30,
  "hasUniqueSolution": true,
  "structure": {
    "puzzle": [
      [
        0,
        4,
        0,
        2,
        7,
        8,
        9,
        3,
        5,
      ],
      [
        9,
        0,
        5,
        0,
        0,
        3,
        0,
        1,
        0,
      ],
      [
        0,
        2,
        3,
        5,
        9,
        0,
        4,
        7,
        0,
      ],
      [
        0,
        3,
        4,
        1,
        5,
        9,
        6,
        0,
        0,
      ],
      [
        6,
        9,
        8,
        7,
        2,
        4,
        0,
        0,
        3,
      ],
      [
        0,
        5,
        0,
        0,
        8,
        6,
        7,
        0,
        4,
      ],
      [
        5,
        6,
        9,
        4,
        0,
        0,
        0,
        8,
        0,
      ],
      [
        4,
        0,
        0,
        0,
        1,
        5,
        3,
        0,
        0,
      ],
      [
        0,
        1,
        7,
        0,
        6,
        2,
        5,
        4,
        9,
      ],
    ],
    "solution": [
      [
        1,
        4,
        6,
        2,
        7,
        8,
        9,
        3,
        5,
      ],
      [
        9,
        7,
        5,
        6,
        4,
        3,
        8,
        1,
        2,
      ],
      [
        8,
        2,
        3,
        5,
        9,
        1,
        4,
        7,
        6,
      ],
      [
        7,
        3,
        4,
        1,
        5,
        9,
        6,
        2,
        8,
      ],
      [
        6,
        9,
        8,
        7,
        2,
        4,
        1,
        5,
        3,
      ],
      [
        2,
        5,
        1,
        3,
        8,
        6,
        7,
        9,
        4,
      ],
      [
        5,
        6,
        9,
        4,
        3,
        7,
        2,
        8,
        1,
      ],
      [
        4,
        8,
        2,
        9,
        1,
        5,
        3,
        6,
        7,
      ],
      [
        3,
        1,
        7,
        8,
        6,
        2,
        5,
        4,
        9,
      ],
    ],
  },
}
`;

exports[`SudokuGenerator matches snapshot for easy puzzle: easy puzzle 1`] = `
{
  "data": {
    "puzzle": [
      [
        9,
        7,
        4,
        0,
        0,
        6,
        0,
        5,
        3,
      ],
      [
        0,
        3,
        0,
        9,
        4,
        1,
        2,
        6,
        0,
      ],
      [
        0,
        6,
        1,
        0,
        7,
        3,
        8,
        9,
        4,
      ],
      [
        6,
        0,
        0,
        0,
        3,
        8,
        4,
        2,
        0,
      ],
      [
        7,
        4,
        0,
        1,
        6,
        0,
        3,
        0,
        9,
      ],
      [
        0,
        0,
        0,
        4,
        0,
        0,
        0,
        0,
        1,
      ],
      [
        1,
        0,
        0,
        8,
        2,
        4,
        5,
        3,
        6,
      ],
      [
        3,
        5,
        0,
        6,
        1,
        9,
        7,
        0,
        8,
      ],
      [
        4,
        8,
        0,
        3,
        0,
        7,
        0,
        1,
        0,
      ],
    ],
    "solution": [
      [
        9,
        7,
        4,
        2,
        8,
        6,
        1,
        5,
        3,
      ],
      [
        5,
        3,
        8,
        9,
        4,
        1,
        2,
        6,
        7,
      ],
      [
        2,
        6,
        1,
        5,
        7,
        3,
        8,
        9,
        4,
      ],
      [
        6,
        1,
        9,
        7,
        3,
        8,
        4,
        2,
        5,
      ],
      [
        7,
        4,
        5,
        1,
        6,
        2,
        3,
        8,
        9,
      ],
      [
        8,
        2,
        3,
        4,
        9,
        5,
        6,
        7,
        1,
      ],
      [
        1,
        9,
        7,
        8,
        2,
        4,
        5,
        3,
        6,
      ],
      [
        3,
        5,
        2,
        6,
        1,
        9,
        7,
        4,
        8,
      ],
      [
        4,
        8,
        6,
        3,
        5,
        7,
        9,
        1,
        2,
      ],
    ],
  },
  "difficulty": "easy",
  "emptyCells": 30,
  "unique": true,
}
`;

exports[`SudokuGenerator matches snapshot for extreme difficulty puzzle structure: extreme difficulty puzzle 1`] = `
{
  "difficulty": "extreme",
  "emptyCellsCount": 57,
  "hasUniqueSolution": true,
  "structure": {
    "puzzle": [
      [
        9,
        0,
        0,
        0,
        0,
        0,
        8,
        0,
        0,
      ],
      [
        0,
        5,
        0,
        0,
        0,
        0,
        0,
        3,
        0,
      ],
      [
        7,
        2,
        0,
        0,
        3,
        0,
        0,
        0,
        0,
      ],
      [
        3,
        0,
        0,
        7,
        0,
        0,
        0,
        2,
        0,
      ],
      [
        0,
        0,
        0,
        0,
        1,
        0,
        0,
        6,
        3,
      ],
      [
        0,
        0,
        0,
        6,
        0,
        0,
        0,
        0,
        1,
      ],
      [
        0,
        0,
        0,
        5,
        0,
        8,
        0,
        0,
        9,
      ],
      [
        0,
        0,
        8,
        0,
        9,
        1,
        0,
        0,
        5,
      ],
      [
        5,
        0,
        0,
        0,
        6,
        0,
        0,
        0,
        0,
      ],
    ],
    "solution": [
      [
        9,
        6,
        3,
        4,
        2,
        5,
        8,
        1,
        7,
      ],
      [
        8,
        5,
        4,
        1,
        7,
        9,
        2,
        3,
        6,
      ],
      [
        7,
        2,
        1,
        8,
        3,
        6,
        5,
        9,
        4,
      ],
      [
        3,
        1,
        6,
        7,
        5,
        4,
        9,
        2,
        8,
      ],
      [
        4,
        8,
        5,
        9,
        1,
        2,
        7,
        6,
        3,
      ],
      [
        2,
        9,
        7,
        6,
        8,
        3,
        4,
        5,
        1,
      ],
      [
        1,
        3,
        2,
        5,
        4,
        8,
        6,
        7,
        9,
      ],
      [
        6,
        7,
        8,
        2,
        9,
        1,
        3,
        4,
        5,
      ],
      [
        5,
        4,
        9,
        3,
        6,
        7,
        1,
        8,
        2,
      ],
    ],
  },
}
`;

exports[`SudokuGenerator matches snapshot for extreme puzzle: extreme puzzle 1`] = `
{
  "data": {
    "puzzle": [
      [
        0,
        0,
        0,
        0,
        0,
        0,
        0,
        0,
        0,
      ],
      [
        0,
        9,
        3,
        0,
        0,
        5,
        0,
        7,
        0,
      ],
      [
        0,
        0,
        0,
        0,
        0,
        8,
        0,
        0,
        4,
      ],
      [
        4,
        8,
        0,
        0,
        0,
        9,
        0,
        0,
        6,
      ],
      [
        0,
        0,
        1,
        0,
        5,
        0,
        0,
        3,
        0,
      ],
      [
        0,
        0,
        7,
        0,
        0,
        0,
        0,
        2,
        0,
      ],
      [
        1,
        5,
        0,
        8,
        0,
        0,
        0,
        0,
        9,
      ],
      [
        0,
        0,
        0,
        0,
        4,
        0,
        0,
        8,
        5,
      ],
      [
        6,
        0,
        0,
        0,
        0,
        0,
        0,
        0,
        0,
      ],
    ],
    "solution": [
      [
        2,
        4,
        5,
        9,
        6,
        7,
        8,
        1,
        3,
      ],
      [
        8,
        9,
        3,
        4,
        1,
        5,
        6,
        7,
        2,
      ],
      [
        7,
        1,
        6,
        3,
        2,
        8,
        5,
        9,
        4,
      ],
      [
        4,
        8,
        2,
        1,
        3,
        9,
        7,
        5,
        6,
      ],
      [
        9,
        6,
        1,
        7,
        5,
        2,
        4,
        3,
        8,
      ],
      [
        5,
        3,
        7,
        6,
        8,
        4,
        9,
        2,
        1,
      ],
      [
        1,
        5,
        4,
        8,
        7,
        3,
        2,
        6,
        9,
      ],
      [
        3,
        7,
        9,
        2,
        4,
        6,
        1,
        8,
        5,
      ],
      [
        6,
        2,
        8,
        5,
        9,
        1,
        3,
        4,
        7,
      ],
    ],
  },
  "difficulty": "extreme",
  "emptyCells": 58,
  "unique": true,
}
`;

exports[`SudokuGenerator matches snapshot for hard difficulty puzzle structure: hard difficulty puzzle 1`] = `
{
  "difficulty": "hard",
  "emptyCellsCount": 50,
  "hasUniqueSolution": true,
  "structure": {
    "puzzle": [
      [
        2,
        0,
        3,
        0,
        0,
        0,
        6,
        0,
        5,
      ],
      [
        5,
        0,
        0,
        0,
        0,
        9,
        0,
        1,
        8,
      ],
      [
        1,
        0,
        9,
        5,
        6,
        0,
        3,
        0,
        7,
      ],
      [
        0,
        4,
        0,
        0,
        0,
        6,
        0,
        0,
        0,
      ],
      [
        0,
        0,
        0,
        8,
        0,
        0,
        4,
        7,
        0,
      ],
      [
        0,
        0,
        5,
        0,
        0,
        0,
        0,
        0,
        3,
      ],
      [
        0,
        0,
        0,
        7,
        0,
        3,
        0,
        2,
        6,
      ],
      [
        0,
        0,
        0,
        2,
        4,
        0,
        0,
        0,
        0,
      ],
      [
        0,
        2,
        0,
        0,
        9,
        8,
        1,
        0,
        0,
      ],
    ],
    "solution": [
      [
        2,
        7,
        3,
        1,
        8,
        4,
        6,
        9,
        5,
      ],
      [
        5,
        6,
        4,
        3,
        7,
        9,
        2,
        1,
        8,
      ],
      [
        1,
        8,
        9,
        5,
        6,
        2,
        3,
        4,
        7,
      ],
      [
        7,
        4,
        2,
        9,
        3,
        6,
        5,
        8,
        1,
      ],
      [
        9,
        3,
        6,
        8,
        1,
        5,
        4,
        7,
        2,
      ],
      [
        8,
        1,
        5,
        4,
        2,
        7,
        9,
        6,
        3,
      ],
      [
        4,
        9,
        1,
        7,
        5,
        3,
        8,
        2,
        6,
      ],
      [
        6,
        5,
        8,
        2,
        4,
        1,
        7,
        3,
        9,
      ],
      [
        3,
        2,
        7,
        6,
        9,
        8,
        1,
        5,
        4,
      ],
    ],
  },
}
`;

exports[`SudokuGenerator matches snapshot for hard puzzle: hard puzzle 1`] = `
{
  "data": {
    "puzzle": [
      [
        0,
        1,
        6,
        0,
        8,
        0,
        0,
        3,
        9,
      ],
      [
        0,
        0,
        0,
        0,
        6,
        4,
        0,
        8,
        5,
      ],
      [
        7,
        5,
        8,
        0,
        0,
        9,
        0,
        1,
        0,
      ],
      [
        0,
        0,
        4,
        0,
        0,
        0,
        0,
        0,
        0,
      ],
      [
        0,
        0,
        0,
        0,
        0,
        1,
        0,
        0,
        0,
      ],
      [
        0,
        0,
        0,
        8,
        4,
        0,
        1,
        0,
        0,
      ],
      [
        0,
        0,
        0,
        3,
        0,
        6,
        0,
        5,
        0,
      ],
      [
        9,
        2,
        0,
        7,
        0,
        8,
        6,
        0,
        3,
      ],
      [
        0,
        6,
        0,
        0,
        0,
        0,
        0,
        7,
        2,
      ],
    ],
    "solution": [
      [
        4,
        1,
        6,
        5,
        8,
        7,
        2,
        3,
        9,
      ],
      [
        2,
        3,
        9,
        1,
        6,
        4,
        7,
        8,
        5,
      ],
      [
        7,
        5,
        8,
        2,
        3,
        9,
        4,
        1,
        6,
      ],
      [
        1,
        7,
        4,
        6,
        5,
        2,
        3,
        9,
        8,
      ],
      [
        6,
        8,
        3,
        9,
        7,
        1,
        5,
        2,
        4,
      ],
      [
        5,
        9,
        2,
        8,
        4,
        3,
        1,
        6,
        7,
      ],
      [
        8,
        4,
        7,
        3,
        2,
        6,
        9,
        5,
        1,
      ],
      [
        9,
        2,
        5,
        7,
        1,
        8,
        6,
        4,
        3,
      ],
      [
        3,
        6,
        1,
        4,
        9,
        5,
        8,
        7,
        2,
      ],
    ],
  },
  "difficulty": "hard",
  "emptyCells": 50,
  "unique": true,
}
`;

exports[`SudokuGenerator matches snapshot for medium difficulty puzzle structure: medium difficulty puzzle 1`] = `
{
  "difficulty": "medium",
  "emptyCellsCount": 40,
  "hasUniqueSolution": true,
  "structure": {
    "puzzle": [
      [
        3,
        5,
        0,
        0,
        0,
        7,
        0,
        0,
        1,
      ],
      [
        0,
        4,
        0,
        2,
        0,
        5,
        6,
        0,
        7,
      ],
      [
        0,
        0,
        2,
        0,
        0,
        3,
        0,
        0,
        5,
      ],
      [
        0,
        3,
        7,
        0,
        0,
        8,
        0,
        4,
        6,
      ],
      [
        0,
        9,
        0,
        0,
        0,
        0,
        7,
        0,
        8,
      ],
      [
        0,
        8,
        6,
        1,
        0,
        4,
        9,
        2,
        0,
      ],
      [
        0,
        0,
        0,
        4,
        5,
        1,
        3,
        0,
        2,
      ],
      [
        4,
        0,
        0,
        7,
        3,
        2,
        8,
        6,
        0,
      ],
      [
        7,
        0,
        0,
        0,
        0,
        9,
        5,
        0,
        4,
      ],
    ],
    "solution": [
      [
        3,
        5,
        8,
        6,
        4,
        7,
        2,
        9,
        1,
      ],
      [
        9,
        4,
        1,
        2,
        8,
        5,
        6,
        3,
        7,
      ],
      [
        6,
        7,
        2,
        9,
        1,
        3,
        4,
        8,
        5,
      ],
      [
        2,
        3,
        7,
        5,
        9,
        8,
        1,
        4,
        6,
      ],
      [
        1,
        9,
        4,
        3,
        2,
        6,
        7,
        5,
        8,
      ],
      [
        5,
        8,
        6,
        1,
        7,
        4,
        9,
        2,
        3,
      ],
      [
        8,
        6,
        9,
        4,
        5,
        1,
        3,
        7,
        2,
      ],
      [
        4,
        1,
        5,
        7,
        3,
        2,
        8,
        6,
        9,
      ],
      [
        7,
        2,
        3,
        8,
        6,
        9,
        5,
        1,
        4,
      ],
    ],
  },
}
`;

exports[`SudokuGenerator matches snapshot for medium puzzle: medium puzzle 1`] = `
{
  "data": {
    "puzzle": [
      [
        0,
        0,
        9,
        0,
        8,
        0,
        3,
        0,
        7,
      ],
      [
        0,
        0,
        0,
        0,
        9,
        2,
        6,
        0,
        8,
      ],
      [
        3,
        2,
        0,
        0,
        0,
        6,
        1,
        0,
        9,
      ],
      [
        0,
        8,
        4,
        9,
        5,
        3,
        7,
        1,
        0,
      ],
      [
        0,
        9,
        3,
        0,
        0,
        1,
        0,
        8,
        5,
      ],
      [
        5,
        1,
        6,
        8,
        0,
        7,
        0,
        0,
        0,
      ],
      [
        0,
        0,
        0,
        0,
        2,
        0,
        0,
        0,
        0,
      ],
      [
        0,
        5,
        0,
        6,
        0,
        4,
        8,
        0,
        3,
      ],
      [
        4,
        0,
        7,
        5,
        0,
        0,
        2,
        9,
        0,
      ],
    ],
    "solution": [
      [
        6,
        4,
        9,
        1,
        8,
        5,
        3,
        2,
        7,
      ],
      [
        1,
        7,
        5,
        3,
        9,
        2,
        6,
        4,
        8,
      ],
      [
        3,
        2,
        8,
        4,
        7,
        6,
        1,
        5,
        9,
      ],
      [
        2,
        8,
        4,
        9,
        5,
        3,
        7,
        1,
        6,
      ],
      [
        7,
        9,
        3,
        2,
        6,
        1,
        4,
        8,
        5,
      ],
      [
        5,
        1,
        6,
        8,
        4,
        7,
        9,
        3,
        2,
      ],
      [
        8,
        3,
        1,
        7,
        2,
        9,
        5,
        6,
        4,
      ],
      [
        9,
        5,
        2,
        6,
        1,
        4,
        8,
        7,
        3,
      ],
      [
        4,
        6,
        7,
        5,
        3,
        8,
        2,
        9,
        1,
      ],
    ],
  },
  "difficulty": "medium",
  "emptyCells": 40,
  "unique": true,
}
`;

exports[`SudokuGenerator matches snapshot for multiple Sudoku puzzles structure: multiple Sudoku puzzles 1`] = `
{
  "count": 3,
  "difficulty": "medium",
  "puzzles": [
    {
      "emptyCellsCount": 40,
      "hasUniqueSolution": true,
      "structure": {
        "puzzle": [
          [
            0,
            8,
            0,
            0,
            0,
            2,
            7,
            6,
            1,
          ],
          [
            2,
            7,
            0,
            3,
            8,
            0,
            0,
            5,
            9,
          ],
          [
            5,
            0,
            0,
            0,
            7,
            0,
            0,
            8,
            3,
          ],
          [
            8,
            0,
            0,
            0,
            0,
            0,
            1,
            2,
            0,
          ],
          [
            0,
            1,
            0,
            0,
            2,
            5,
            3,
            9,
            4,
          ],
          [
            9,
            0,
            2,
            6,
            4,
            0,
            5,
            7,
            8,
          ],
          [
            0,
            5,
            3,
            0,
            6,
            0,
            0,
            1,
            0,
          ],
          [
            0,
            0,
            8,
            7,
            9,
            3,
            0,
            0,
            0,
          ],
          [
            6,
            0,
            0,
            0,
            1,
            0,
            0,
            0,
            0,
          ],
        ],
        "solution": [
          [
            3,
            8,
            9,
            4,
            5,
            2,
            7,
            6,
            1,
          ],
          [
            2,
            7,
            1,
            3,
            8,
            6,
            4,
            5,
            9,
          ],
          [
            5,
            6,
            4,
            1,
            7,
            9,
            2,
            8,
            3,
          ],
          [
            8,
            4,
            5,
            9,
            3,
            7,
            1,
            2,
            6,
          ],
          [
            7,
            1,
            6,
            8,
            2,
            5,
            3,
            9,
            4,
          ],
          [
            9,
            3,
            2,
            6,
            4,
            1,
            5,
            7,
            8,
          ],
          [
            4,
            5,
            3,
            2,
            6,
            8,
            9,
            1,
            7,
          ],
          [
            1,
            2,
            8,
            7,
            9,
            3,
            6,
            4,
            5,
          ],
          [
            6,
            9,
            7,
            5,
            1,
            4,
            8,
            3,
            2,
          ],
        ],
      },
    },
    {
      "emptyCellsCount": 40,
      "hasUniqueSolution": true,
      "structure": {
        "puzzle": [
          [
            2,
            0,
            8,
            1,
            0,
            0,
            0,
            0,
            0,
          ],
          [
            9,
            1,
            0,
            0,
            0,
            0,
            7,
            0,
            0,
          ],
          [
            0,
            7,
            0,
            0,
            0,
            9,
            0,
            0,
            2,
          ],
          [
            0,
            0,
            0,
            7,
            1,
            2,
            6,
            0,
            3,
          ],
          [
            0,
            0,
            6,
            8,
            9,
            0,
            0,
            7,
            1,
          ],
          [
            0,
            5,
            7,
            0,
            4,
            3,
            2,
            0,
            8,
          ],
          [
            5,
            8,
            0,
            4,
            2,
            7,
            3,
            0,
            0,
          ],
          [
            0,
            0,
            2,
            9,
            5,
            1,
            0,
            0,
            0,
          ],
          [
            0,
            4,
            1,
            3,
            6,
            0,
            9,
            2,
            0,
          ],
        ],
        "solution": [
          [
            2,
            6,
            8,
            1,
            7,
            4,
            5,
            3,
            9,
          ],
          [
            9,
            1,
            5,
            2,
            3,
            6,
            7,
            8,
            4,
          ],
          [
            4,
            7,
            3,
            5,
            8,
            9,
            1,
            6,
            2,
          ],
          [
            8,
            9,
            4,
            7,
            1,
            2,
            6,
            5,
            3,
          ],
          [
            3,
            2,
            6,
            8,
            9,
            5,
            4,
            7,
            1,
          ],
          [
            1,
            5,
            7,
            6,
            4,
            3,
            2,
            9,
            8,
          ],
          [
            5,
            8,
            9,
            4,
            2,
            7,
            3,
            1,
            6,
          ],
          [
            6,
            3,
            2,
            9,
            5,
            1,
            8,
            4,
            7,
          ],
          [
            7,
            4,
            1,
            3,
            6,
            8,
            9,
            2,
            5,
          ],
        ],
      },
    },
    {
      "emptyCellsCount": 40,
      "hasUniqueSolution": true,
      "structure": {
        "puzzle": [
          [
            5,
            0,
            1,
            2,
            8,
            4,
            0,
            0,
            0,
          ],
          [
            0,
            0,
            0,
            0,
            5,
            1,
            8,
            3,
            0,
          ],
          [
            0,
            0,
            0,
            6,
            3,
            7,
            0,
            4,
            1,
          ],
          [
            0,
            0,
            0,
            0,
            9,
            6,
            1,
            2,
            0,
          ],
          [
            3,
            6,
            7,
            5,
            0,
            2,
            0,
            0,
            4,
          ],
          [
            0,
            0,
            0,
            8,
            0,
            3,
            0,
            0,
            6,
          ],
          [
            0,
            0,
            0,
            0,
            6,
            8,
            2,
            9,
            5,
          ],
          [
            1,
            5,
            0,
            3,
            2,
            9,
            0,
            0,
            0,
          ],
          [
            0,
            2,
            6,
            0,
            0,
            0,
            3,
            0,
            8,
          ],
        ],
        "solution": [
          [
            5,
            3,
            1,
            2,
            8,
            4,
            6,
            7,
            9,
          ],
          [
            6,
            7,
            4,
            9,
            5,
            1,
            8,
            3,
            2,
          ],
          [
            8,
            9,
            2,
            6,
            3,
            7,
            5,
            4,
            1,
          ],
          [
            4,
            8,
            5,
            7,
            9,
            6,
            1,
            2,
            3,
          ],
          [
            3,
            6,
            7,
            5,
            1,
            2,
            9,
            8,
            4,
          ],
          [
            2,
            1,
            9,
            8,
            4,
            3,
            7,
            5,
            6,
          ],
          [
            7,
            4,
            3,
            1,
            6,
            8,
            2,
            9,
            5,
          ],
          [
            1,
            5,
            8,
            3,
            2,
            9,
            4,
            6,
            7,
          ],
          [
            9,
            2,
            6,
            4,
            7,
            5,
            3,
            1,
            8,
          ],
        ],
      },
    },
  ],
}
`;

exports[`SudokuGenerator matches snapshot for multiple puzzles: multiple puzzles 1`] = `
{
  "count": 3,
  "difficulty": "medium",
  "puzzles": [
    {
      "data": {
        "puzzle": [
          [
            0,
            9,
            6,
            1,
            0,
            5,
            4,
            0,
            2,
          ],
          [
            1,
            0,
            0,
            0,
            9,
            4,
            5,
            6,
            3,
          ],
          [
            2,
            4,
            5,
            0,
            0,
            0,
            0,
            9,
            0,
          ],
          [
            9,
            0,
            1,
            0,
            0,
            0,
            2,
            5,
            0,
          ],
          [
            0,
            6,
            0,
            0,
            0,
            2,
            1,
            8,
            9,
          ],
          [
            0,
            0,
            0,
            5,
            1,
            0,
            0,
            0,
            0,
          ],
          [
            7,
            0,
            0,
            9,
            2,
            6,
            3,
            0,
            0,
          ],
          [
            4,
            3,
            0,
            0,
            0,
            0,
            6,
            0,
            0,
          ],
          [
            6,
            0,
            0,
            4,
            0,
            7,
            9,
            1,
            8,
          ],
        ],
        "solution": [
          [
            3,
            9,
            6,
            1,
            8,
            5,
            4,
            7,
            2,
          ],
          [
            1,
            8,
            7,
            2,
            9,
            4,
            5,
            6,
            3,
          ],
          [
            2,
            4,
            5,
            6,
            7,
            3,
            8,
            9,
            1,
          ],
          [
            9,
            7,
            1,
            3,
            6,
            8,
            2,
            5,
            4,
          ],
          [
            5,
            6,
            3,
            7,
            4,
            2,
            1,
            8,
            9,
          ],
          [
            8,
            2,
            4,
            5,
            1,
            9,
            7,
            3,
            6,
          ],
          [
            7,
            1,
            8,
            9,
            2,
            6,
            3,
            4,
            5,
          ],
          [
            4,
            3,
            9,
            8,
            5,
            1,
            6,
            2,
            7,
          ],
          [
            6,
            5,
            2,
            4,
            3,
            7,
            9,
            1,
            8,
          ],
        ],
      },
      "emptyCells": 40,
      "unique": true,
    },
    {
      "data": {
        "puzzle": [
          [
            0,
            0,
            3,
            4,
            0,
            9,
            0,
            0,
            7,
          ],
          [
            1,
            2,
            0,
            0,
            0,
            5,
            3,
            4,
            0,
          ],
          [
            6,
            4,
            0,
            7,
            0,
            3,
            0,
            2,
            5,
          ],
          [
            0,
            1,
            0,
            6,
            0,
            7,
            4,
            9,
            3,
          ],
          [
            4,
            9,
            0,
            0,
            0,
            0,
            0,
            5,
            8,
          ],
          [
            0,
            0,
            8,
            9,
            0,
            4,
            2,
            1,
            6,
          ],
          [
            0,
            0,
            0,
            0,
            0,
            2,
            0,
            0,
            1,
          ],
          [
            0,
            0,
            0,
            3,
            0,
            0,
            0,
            0,
            0,
          ],
          [
            5,
            7,
            0,
            1,
            0,
            8,
            6,
            3,
            4,
          ],
        ],
        "solution": [
          [
            8,
            5,
            3,
            4,
            2,
            9,
            1,
            6,
            7,
          ],
          [
            1,
            2,
            7,
            8,
            6,
            5,
            3,
            4,
            9,
          ],
          [
            6,
            4,
            9,
            7,
            1,
            3,
            8,
            2,
            5,
          ],
          [
            2,
            1,
            5,
            6,
            8,
            7,
            4,
            9,
            3,
          ],
          [
            4,
            9,
            6,
            2,
            3,
            1,
            7,
            5,
            8,
          ],
          [
            7,
            3,
            8,
            9,
            5,
            4,
            2,
            1,
            6,
          ],
          [
            3,
            6,
            4,
            5,
            7,
            2,
            9,
            8,
            1,
          ],
          [
            9,
            8,
            1,
            3,
            4,
            6,
            5,
            7,
            2,
          ],
          [
            5,
            7,
            2,
            1,
            9,
            8,
            6,
            3,
            4,
          ],
        ],
      },
      "emptyCells": 40,
      "unique": true,
    },
    {
      "data": {
        "puzzle": [
          [
            4,
            0,
            0,
            7,
            1,
            0,
            5,
            0,
            9,
          ],
          [
            0,
            0,
            3,
            8,
            5,
            4,
            6,
            0,
            7,
          ],
          [
            0,
            1,
            0,
            0,
            6,
            9,
            0,
            0,
            0,
          ],
          [
            0,
            0,
            5,
            9,
            0,
            6,
            0,
            8,
            4,
          ],
          [
            8,
            0,
            0,
            5,
            3,
            0,
            0,
            0,
            0,
          ],
          [
            6,
            3,
            0,
            0,
            4,
            8,
            2,
            0,
            0,
          ],
          [
            7,
            8,
            4,
            3,
            0,
            0,
            1,
            5,
            0,
          ],
          [
            2,
            9,
            1,
            0,
            0,
            5,
            0,
            0,
            8,
          ],
          [
            3,
            5,
            0,
            0,
            0,
            0,
            0,
            9,
            0,
          ],
        ],
        "solution": [
          [
            4,
            6,
            8,
            7,
            1,
            3,
            5,
            2,
            9,
          ],
          [
            9,
            2,
            3,
            8,
            5,
            4,
            6,
            1,
            7,
          ],
          [
            5,
            1,
            7,
            2,
            6,
            9,
            8,
            4,
            3,
          ],
          [
            1,
            7,
            5,
            9,
            2,
            6,
            3,
            8,
            4,
          ],
          [
            8,
            4,
            2,
            5,
            3,
            7,
            9,
            6,
            1,
          ],
          [
            6,
            3,
            9,
            1,
            4,
            8,
            2,
            7,
            5,
          ],
          [
            7,
            8,
            4,
            3,
            9,
            2,
            1,
            5,
            6,
          ],
          [
            2,
            9,
            1,
            6,
            7,
            5,
            4,
            3,
            8,
          ],
          [
            3,
            5,
            6,
            4,
            8,
            1,
            7,
            9,
            2,
          ],
        ],
      },
      "emptyCells": 40,
      "unique": true,
    },
  ],
}
`;

exports[`SudokuGenerator matches snapshot for solved Sudoku structure: solved Sudoku structure 1`] = `
[
  [
    5,
    2,
    6,
    3,
    7,
    9,
    1,
    4,
    8,
  ],
  [
    9,
    1,
    4,
    5,
    2,
    8,
    6,
    7,
    3,
  ],
  [
    7,
    8,
    3,
    1,
    6,
    4,
    2,
    5,
    9,
  ],
  [
    1,
    5,
    7,
    9,
    4,
    2,
    3,
    8,
    6,
  ],
  [
    6,
    4,
    2,
    8,
    1,
    3,
    5,
    9,
    7,
  ],
  [
    3,
    9,
    8,
    7,
    5,
    6,
    4,
    2,
    1,
  ],
  [
    4,
    3,
    5,
    6,
    9,
    7,
    8,
    1,
    2,
  ],
  [
    8,
    7,
    1,
    2,
    3,
    5,
    9,
    6,
    4,
  ],
  [
    2,
    6,
    9,
    4,
    8,
    1,
    7,
    3,
    5,
  ],
]
`;

exports[`SudokuGenerator matches snapshot for solved grid: solved grid 1`] = `
[
  [
    2,
    5,
    1,
    8,
    9,
    3,
    7,
    6,
    4,
  ],
  [
    7,
    3,
    4,
    2,
    6,
    5,
    1,
    8,
    9,
  ],
  [
    8,
    6,
    9,
    1,
    7,
    4,
    5,
    2,
    3,
  ],
  [
    3,
    7,
    6,
    4,
    5,
    8,
    2,
    9,
    1,
  ],
  [
    9,
    4,
    8,
    6,
    2,
    1,
    3,
    5,
    7,
  ],
  [
    1,
    2,
    5,
    7,
    3,
    9,
    6,
    4,
    8,
  ],
  [
    5,
    1,
    2,
    9,
    8,
    7,
    4,
    3,
    6,
  ],
  [
    6,
    8,
    7,
    3,
    4,
    2,
    9,
    1,
    5,
  ],
  [
    4,
    9,
    3,
    5,
    1,
    6,
    8,
    7,
    2,
  ],
]
`;
