// Jest Snapshot v1, https://goo.gl/fbAQLP

exports[`SudokuSolver matches snapshot for empty solution: empty solution 1`] = `
[
  [
    1,
    2,
    3,
    4,
    5,
    6,
    7,
    8,
    9,
  ],
  [
    4,
    5,
    6,
    7,
    8,
    9,
    1,
    2,
    3,
  ],
  [
    7,
    8,
    9,
    1,
    2,
    3,
    4,
    5,
    6,
  ],
  [
    2,
    1,
    4,
    3,
    6,
    5,
    8,
    9,
    7,
  ],
  [
    3,
    6,
    5,
    8,
    9,
    7,
    2,
    1,
    4,
  ],
  [
    8,
    9,
    7,
    2,
    1,
    4,
    3,
    6,
    5,
  ],
  [
    5,
    3,
    1,
    6,
    4,
    2,
    9,
    7,
    8,
  ],
  [
    6,
    4,
    2,
    9,
    7,
    8,
    5,
    3,
    1,
  ],
  [
    9,
    7,
    8,
    5,
    3,
    1,
    6,
    4,
    2,
  ],
]
`;

exports[`SudokuSolver matches snapshot for invalid puzzle: invalid puzzle 1`] = `null`;

exports[`SudokuSolver matches snapshot for one clue solution: one clue solution 1`] = `
[
  [
    1,
    2,
    3,
    4,
    5,
    6,
    7,
    8,
    9,
  ],
  [
    4,
    5,
    6,
    7,
    8,
    9,
    1,
    2,
    3,
  ],
  [
    7,
    8,
    9,
    1,
    2,
    3,
    4,
    5,
    6,
  ],
  [
    2,
    1,
    4,
    3,
    6,
    5,
    8,
    9,
    7,
  ],
  [
    3,
    6,
    5,
    8,
    9,
    7,
    2,
    1,
    4,
  ],
  [
    8,
    9,
    7,
    2,
    1,
    4,
    3,
    6,
    5,
  ],
  [
    5,
    3,
    1,
    6,
    4,
    2,
    9,
    7,
    8,
  ],
  [
    6,
    4,
    2,
    9,
    7,
    8,
    5,
    3,
    1,
  ],
  [
    9,
    7,
    8,
    5,
    3,
    1,
    6,
    4,
    2,
  ],
]
`;

exports[`SudokuSolver matches snapshot for simple solution: simple solution 1`] = `
[
  [
    5,
    3,
    4,
    6,
    7,
    8,
    9,
    1,
    2,
  ],
  [
    6,
    7,
    2,
    1,
    9,
    5,
    3,
    4,
    8,
  ],
  [
    1,
    9,
    8,
    3,
    4,
    2,
    5,
    6,
    7,
  ],
  [
    8,
    5,
    9,
    7,
    6,
    1,
    4,
    2,
    3,
  ],
  [
    4,
    2,
    6,
    8,
    5,
    3,
    7,
    9,
    1,
  ],
  [
    7,
    1,
    3,
    9,
    2,
    4,
    8,
    5,
    6,
  ],
  [
    9,
    6,
    1,
    5,
    3,
    7,
    2,
    8,
    4,
  ],
  [
    2,
    8,
    7,
    4,
    1,
    9,
    6,
    3,
    5,
  ],
  [
    3,
    4,
    5,
    2,
    8,
    6,
    1,
    7,
    9,
  ],
]
`;
